LTspice 26.0.2 for Windows
Circuit: C:\Users\josep.puig\Documents\LSE1_BLDC_LTspice\simulacions\07_closed_loop.net
Start Time: Sun Sep 27 13:23:58 2026
Options:method=gear
solver = Normal
Maximum thread count: 12
tnom = 27
temp = 27
method = Gear
Direct Newton iteration succeeded in finding operating point.
Total elapsed time: 123.175 seconds.

Files loaded:
C:\Users\josep.puig\Documents\LSE1_BLDC_LTspice\simulacions\07_closed_loop.net
C:\Users\josep.puig\AppData\Local\LTspice\lib\cmp\standard.dio
C:\Users\josep.puig\AppData\Local\LTspice\lib\cmp\standard.mos
C:\Users\josep.puig\Documents\LSE1_BLDC_LTspice\simulacions\BEMF.sub
C:\Users\josep.puig\AppData\Local\LTspice\lib\sub\Control.lib
C:\Users\josep.puig\Documents\LSE1_BLDC_LTspice\simulacions\ESC_OLCL.sub
C:\Users\josep.puig\AppData\Local\LTspice\lib\sub\LTC4446.sub

rpm_avg: AVG(V(rpm) )=-1402.20952822 FROM 0.09 TO 0.12
rpm_max: MAX(V(rpm) )=-1255.97155762 FROM 0.09 TO 0.12
rpm_min: MIN(V(rpm) )=-1500.20751953 FROM 0.09 TO 0.12
w_avg: AVG(V(wang) )=-146.839038423 FROM 0.09 TO 0.12
tm_avg: AVG(V(Tmotor) )=-0.283155949995 FROM 0.09 TO 0.12
tm_max: MAX(V(Tmotor) )=-0.10398633033 FROM 0.09 TO 0.12
tm_min: MIN(V(Tmotor) )=-0.362407058477 FROM 0.09 TO 0.12
ia_rms: RMS(V(I_A) )=10.0557128592 FROM 0.09 TO 0.12
ia_pk: MAX(abs(V(I_A)) )=15.161942482 FROM 0.09 TO 0.12
rpm_ol: AVG(V(rpm) )=-1327.70777019 FROM 0.04 TO 0.05
