LTspice 26.0.2 for Windows
Circuit: C:\Users\josep.puig\Documents\LSE1_BLDC_LTspice\simulacions\01_OL_base.net
Start Time: Sat Sep 26 22:42:20 2026
Options:method=gear
solver = Normal
Maximum thread count: 12
tnom = 27
temp = 27
method = Gear
Direct Newton iteration failed to find operating point.
Starting Gmin stepping
Gmin stepping succeeded in finding the operating point.

Total elapsed time: 41.413 seconds.

Files loaded:
C:\Users\josep.puig\Documents\LSE1_BLDC_LTspice\simulacions\01_OL_base.net
C:\Users\josep.puig\AppData\Local\LTspice\lib\cmp\standard.dio
C:\Users\josep.puig\AppData\Local\LTspice\lib\cmp\standard.mos
C:\Users\josep.puig\Documents\LSE1_BLDC_LTspice\simulacions\BEMF.sub
C:\Users\josep.puig\AppData\Local\LTspice\lib\sub\Control.lib
C:\Users\josep.puig\AppData\Local\LTspice\lib\sub\LTC4446.sub

rpm_avg: AVG(V(rpm) )=-1386.33961925 FROM 0.04 TO 0.06
rpm_max: MAX(V(rpm) )=-1262.81896973 FROM 0.04 TO 0.06
rpm_min: MIN(V(rpm) )=-1469.74560547 FROM 0.04 TO 0.06
w_avg: AVG(V(wang) )=-145.177145449 FROM 0.04 TO 0.06
tm_avg: AVG(V(Tmotor) )=-0.281150200942 FROM 0.04 TO 0.06
tm_max: MAX(V(Tmotor) )=-0.124815121293 FROM 0.04 TO 0.06
tm_min: MIN(V(Tmotor) )=-0.353403508663 FROM 0.04 TO 0.06
ia_rms: RMS(V(I_A) )=9.70652957483 FROM 0.04 TO 0.06
ia_pk: MAX(abs(V(I_A)) )=14.2284383774 FROM 0.04 TO 0.06
pmh_avg: AVG((V(VCC)-V(FASE_A))*Id(M2) )=0.148408147769 FROM 0.04 TO 0.06
pmh_max: MAX((V(VCC)-V(FASE_A))*Id(M2) )=141.617467765 FROM 0.04 TO 0.06
pml_avg: AVG((V(FASE_A)-V(SNS_A))*Id(M1) )=0.980870059837 FROM 0.04 TO 0.06
pml_max: MAX((V(FASE_A)-V(SNS_A))*Id(M1) )=101.774578992 FROM 0.04 TO 0.06
pmh_max_all: MAX(V(VCC)-V(FASE_A))*Id(M2)=187.705678609 FROM 0 TO 0.06
pml_max_all: MAX(V(FASE_A)-V(SNS_A))*Id(M1)=127.437627415 FROM 0 TO 0.06
idh_max: MAX(Id(M2) )=14.3546829224 FROM 0.04 TO 0.06
idl_min: MIN(Id(M1) )=-14.2075214386 FROM 0.04 TO 0.06
idl_max: MAX(Id(M1) )=14.1762180328 FROM 0.04 TO 0.06
id1_max: MAX(I(D1) )=0.14811065793 FROM 0.04 TO 0.06
id1_avg: AVG(I(D1) )=0.000510768543249 FROM 0.04 TO 0.06
ic1_max: MAX(I(C1) )=0.283647030592 FROM 0.04 TO 0.06
ic1_min: MIN(I(C1) )=-0.147894248366 FROM 0.04 TO 0.06
vboot_min: MIN(V(BOOT_A)-V(FASE_A) )=9.72586016357 FROM 0.04 TO 0.06
vboot_max: MAX(V(BOOT_A)-V(FASE_A) )=10.4947277308 FROM 0.04 TO 0.06
vboot_avg: AVG(V(BOOT_A)-V(FASE_A) )=10.1824477295 FROM 0.04 TO 0.06
ivcc_avg: AVG(-I(V1) )=6.75146718669 FROM 0.04 TO 0.06
pin_avg: AVG(-V(VCC)*I(V1) )=67.5146718669 FROM 0.04 TO 0.06
pdrv_avg: AVG(V(VCC)*(-I(V1)-Id(M2)-Id(M4)-Id(M6))/3 )=0.00966770218974 FROM 0.04 TO 0.06
pdrv_max: MAX(V(VCC)*(-I(V1)-Id(M2)-Id(M4)-Id(M6))/3 )=0.820661697126 FROM 0.04 TO 0.06
