LTspice 26.0.2 for Windows
Circuit: C:\Users\josep.puig\Documents\LSE1_BLDC_LTspice\simulacions\03_duty_sweep.net
Start Time: Sun Sep 27 13:10:30 2026
Options:method=gear

.step duty=0.2
solver = Normal
Maximum thread count: 12
tnom = 27
temp = 27
method = Gear
Direct Newton iteration succeeded in finding operating point.

.step duty=0.4
Direct Newton iteration succeeded in finding operating point.

.step duty=0.6
Direct Newton iteration succeeded in finding operating point.

.step duty=0.8
Direct Newton iteration succeeded in finding operating point.

.step duty=0.9
Direct Newton iteration succeeded in finding operating point.
Total elapsed time: 234.487 seconds.

Files loaded:
C:\Users\josep.puig\Documents\LSE1_BLDC_LTspice\simulacions\03_duty_sweep.net
C:\Users\josep.puig\AppData\Local\LTspice\lib\cmp\standard.dio
C:\Users\josep.puig\AppData\Local\LTspice\lib\cmp\standard.mos
C:\Users\josep.puig\Documents\LSE1_BLDC_LTspice\simulacions\BEMF.sub
C:\Users\josep.puig\AppData\Local\LTspice\lib\sub\Control.lib
C:\Users\josep.puig\AppData\Local\LTspice\lib\sub\LTC4446.sub

C:\Users\josep.puig\Documents\LSE1_BLDC_LTspice\simulacions\03_duty_sweep.net(145): Voltage not found.
.meas TRAN w_avg AVG V(wang) FROM {T1} TO {Tsim}
                     ^^^^^^^
