LTspice 26.0.2 for Windows
Circuit: C:\Users\josep.puig\Documents\LSE1_BLDC_LTspice\simulacions\04_Cbypass_sweep.net
Start Time: Sun Sep 27 13:15:05 2026
Options:method=gear

.step cbypass=1e-09
solver = Normal
Maximum thread count: 12
tnom = 27
temp = 27
method = Gear
Direct Newton iteration succeeded in finding operating point.

.step cbypass=1e-08
Direct Newton iteration succeeded in finding operating point.

.step cbypass=2.2e-08
Direct Newton iteration succeeded in finding operating point.

.step cbypass=3.3e-08
Direct Newton iteration succeeded in finding operating point.

.step cbypass=6.8e-08
Direct Newton iteration succeeded in finding operating point.

.step cbypass=1.5e-07
Direct Newton iteration succeeded in finding operating point.
Total elapsed time: 213.772 seconds.

Files loaded:
C:\Users\josep.puig\Documents\LSE1_BLDC_LTspice\simulacions\04_Cbypass_sweep.net
C:\Users\josep.puig\AppData\Local\LTspice\lib\cmp\standard.dio
C:\Users\josep.puig\AppData\Local\LTspice\lib\cmp\standard.mos
C:\Users\josep.puig\Documents\LSE1_BLDC_LTspice\simulacions\BEMF.sub
C:\Users\josep.puig\AppData\Local\LTspice\lib\sub\Control.lib
C:\Users\josep.puig\AppData\Local\LTspice\lib\sub\LTC4446.sub

