LTspice 26.0.2 for Windows
Circuit: C:\Users\josep.puig\Documents\LSE1_BLDC_LTspice\simulacions\05_disseny.net
Start Time: Sun Sep 27 13:19:08 2026
Options:method=gear
solver = Normal
Maximum thread count: 12
tnom = 27
temp = 27
method = Gear
Direct Newton iteration succeeded in finding operating point.
Total elapsed time: 63.293 seconds.

Files loaded:
C:\Users\josep.puig\Documents\LSE1_BLDC_LTspice\simulacions\05_disseny.net
C:\Users\josep.puig\AppData\Local\LTspice\lib\cmp\standard.dio
C:\Users\josep.puig\AppData\Local\LTspice\lib\cmp\standard.mos
C:\Users\josep.puig\Documents\LSE1_BLDC_LTspice\simulacions\BEMF.sub
C:\Users\josep.puig\AppData\Local\LTspice\lib\sub\Control.lib
C:\Users\josep.puig\AppData\Local\LTspice\lib\sub\LTC4446.sub

rpm_avg: AVG(V(rpm) )=-1386.44131788 FROM 0.04 TO 0.06
rpm_max: MAX(V(rpm) )=-1262.75646973 FROM 0.04 TO 0.06
rpm_min: MIN(V(rpm) )=-1469.90441895 FROM 0.04 TO 0.06
w_avg: AVG(V(wang) )=-145.187795332 FROM 0.04 TO 0.06
tm_avg: AVG(V(Tmotor) )=-0.281172722153 FROM 0.04 TO 0.06
tm_max: MAX(V(Tmotor) )=-0.124801918864 FROM 0.04 TO 0.06
tm_min: MIN(V(Tmotor) )=-0.353460580111 FROM 0.04 TO 0.06
ia_rms: RMS(V(I_A) )=9.71053255017 FROM 0.04 TO 0.06
ia_pk: MAX(abs(V(I_A)) )=14.2346458435 FROM 0.04 TO 0.06
pmh_avg: AVG((V(VCC)-V(FASE_A))*Id(M2) )=0.148957322467 FROM 0.04 TO 0.06
pmh_max: MAX((V(VCC)-V(FASE_A))*Id(M2) )=141.726982648 FROM 0.04 TO 0.06
pml_avg: AVG((V(FASE_A)-V(SNS_A))*Id(M1) )=0.981391384356 FROM 0.04 TO 0.06
pml_max: MAX((V(FASE_A)-V(SNS_A))*Id(M1) )=101.686424441 FROM 0.04 TO 0.06
pmh_max_all: MAX(V(VCC)-V(FASE_A))*Id(M2)=187.683629192 FROM 0 TO 0.06
pml_max_all: MAX(V(FASE_A)-V(SNS_A))*Id(M1)=126.849879409 FROM 0 TO 0.06
idh_max: MAX(Id(M2) )=14.3617401123 FROM 0.04 TO 0.06
idl_min: MIN(Id(M1) )=-14.177485466 FROM 0.04 TO 0.06
idl_max: MAX(Id(M1) )=14.1842765808 FROM 0.04 TO 0.06
id1_max: MAX(I(D1) )=1.18085420132 FROM 0.04 TO 0.06
id1_avg: AVG(I(D1) )=0.000495098136932 FROM 0.04 TO 0.06
ic1_max: MAX(I(C1) )=0.283709019423 FROM 0.04 TO 0.06
ic1_min: MIN(I(C1) )=-1.18058764935 FROM 0.04 TO 0.06
vboot_min: MIN(V(BOOT_A)-V(FASE_A) )=9.69933891296 FROM 0.04 TO 0.06
vboot_max: MAX(V(BOOT_A)-V(FASE_A) )=10.5261827707 FROM 0.04 TO 0.06
vboot_avg: AVG(V(BOOT_A)-V(FASE_A) )=10.1256500745 FROM 0.04 TO 0.06
ivcc_avg: AVG(-I(V1) )=6.75429467809 FROM 0.04 TO 0.06
pin_avg: AVG(-V(VCC)*I(V1) )=67.5429467809 FROM 0.04 TO 0.06
pdrv_avg: AVG(V(VCC)*(-I(V1)-Id(M2)-Id(M4)-Id(M6))/3 )=0.00969586424922 FROM 0.04 TO 0.06
pdrv_max: MAX(V(VCC)*(-I(V1)-Id(M2)-Id(M4)-Id(M6))/3 )=3.99185737428 FROM 0.04 TO 0.06
