LTspice 26.0.2 for Windows
Circuit: C:\Users\josep.puig\Documents\LSE1_BLDC_LTspice\simulacions\06_Rg_sweep.net
Start Time: Sun Sep 27 13:21:17 2026
Options:method=gear

.step rgh=10
solver = Normal
Maximum thread count: 12
tnom = 27
temp = 27
method = Gear
Direct Newton iteration succeeded in finding operating point.

.step rgh=33
Direct Newton iteration succeeded in finding operating point.

.step rgh=100
Direct Newton iteration succeeded in finding operating point.

.step rgh=220
Direct Newton iteration succeeded in finding operating point.
Total elapsed time: 96.013 seconds.

Files loaded:
C:\Users\josep.puig\Documents\LSE1_BLDC_LTspice\simulacions\06_Rg_sweep.net
C:\Users\josep.puig\AppData\Local\LTspice\lib\cmp\standard.dio
C:\Users\josep.puig\AppData\Local\LTspice\lib\cmp\standard.mos
C:\Users\josep.puig\Documents\LSE1_BLDC_LTspice\simulacions\BEMF.sub
C:\Users\josep.puig\AppData\Local\LTspice\lib\sub\Control.lib
C:\Users\josep.puig\AppData\Local\LTspice\lib\sub\LTC4446.sub


Measurement: pmh_max
  step	MAX((V(VCC)-V(FASE_A))*Id(M2) )	FROM	TO
     1	153.495121669	0.012	0.02
     2	132.918057908	0.012	0.02
     3	136.899146823	0.012	0.02
     4	151.534540932	0.012	0.02

Measurement: pml_max
  step	MAX((V(FASE_A)-V(SNS_A))*Id(M1) )	FROM	TO
     1	94.5978534414	0.012	0.02
     2	115.797716196	0.012	0.02
     3	129.411326783	0.012	0.02
     4	137.412565698	0.012	0.02

Measurement: pmh_avg
  step	AVG((V(VCC)-V(FASE_A))*Id(M2) )	FROM	TO
     1	0.106071340276	0.012	0.02
     2	0.122521141179	0.012	0.02
     3	0.172120727417	0.012	0.02
     4	0.269601355645	0.012	0.02

Measurement: pml_avg
  step	AVG((V(FASE_A)-V(SNS_A))*Id(M1) )	FROM	TO
     1	0.842017107997	0.012	0.02
     2	0.842432968328	0.012	0.02
     3	0.848959811702	0.012	0.02
     4	0.881671930871	0.012	0.02

Measurement: igh_max
  step	MAX(abs(I(R6)) )	FROM	TO
     1	0.704473912716	0.012	0.02
     2	0.261841505766	0.012	0.02
     3	0.093062877655	0.012	0.02
     4	0.0432738363743	0.012	0.02

Measurement: igl_max
  step	MAX(abs(I(R17)) )	FROM	TO
     1	0.710801184177	0.012	0.02
     2	0.256594061852	0.012	0.02
     3	0.0899487882853	0.012	0.02
     4	0.0420929528773	0.012	0.02

Measurement: rpm_avg
  step	AVG(V(rpm) )	FROM	TO
     1	-1362.14792001	0.012	0.02
     2	-1363.88464547	0.012	0.02
     3	-1369.22290461	0.012	0.02
     4	-1379.93098803	0.012	0.02
